<?xml version="1.0" encoding="utf-8"?>
<TestRun id="33d11334-3071-4ea3-be5c-e2b6303c8794" name="16637@DESKCOMPUTER 2026-08-30 23:16:51" runUser="DESKCOMPUTER\16637" xmlns="http://microsoft.com/schemas/VisualStudio/TeamTest/2010">
  <Times creation="2026-08-30T23:16:51.4286341+08:00" queuing="2026-08-30T23:16:51.4286345+08:00" start="2026-08-30T23:16:51.0105155+08:00" finish="2026-08-30T23:16:53.4656455+08:00" />
  <TestSettings name="default" id="071ad092-aaa3-4ec7-b519-267ba2b334e7">
    <Deployment runDeploymentRoot="16637_DESKCOMPUTER_2026-08-30_23_16_51" />
  </TestSettings>
  <Results>
    <UnitTestResult executionId="cef20bec-ed37-4dd4-9b8c-b7c1f4b2232d" testId="d1386022-a192-733a-df1c-b689a9f64693" testName="LlamaHarness.Tests.TokenGuardTrimTests.NoUserMessages_PassThrough" computerName="DESKCOMPUTER" duration="00:00:00.0013588" startTime="2026-08-30T23:16:51.3848230+08:00" endTime="2026-08-30T23:16:51.3848230+08:00" testType="13cdc9d9-ddb5-4fa4-a97d-d965ccfc6d4b" outcome="Passed" testListId="8c84fa94-04c1-424b-9868-57a2d4851a1d" relativeResultsDirectory="cef20bec-ed37-4dd4-9b8c-b7c1f4b2232d" />
    <UnitTestResult executionId="2dda45b6-5384-4a73-886b-b22ebfaf650a" testId="e4ad1d67-5b58-487a-16a5-598858dcb5d6" testName="LlamaHarness.Tests.TokenGuardTrimTests.TurnTrim_BinarySearchConverges_FewerTokenizes" computerName="DESKCOMPUTER" duration="00:00:00.0008276" startTime="2026-08-30T23:16:51.3690089+08:00" endTime="2026-08-30T23:16:51.3690089+08:00" testType="13cdc9d9-ddb5-4fa4-a97d-d965ccfc6d4b" outcome="Passed" testListId="8c84fa94-04c1-424b-9868-57a2d4851a1d" relativeResultsDirectory="2dda45b6-5384-4a73-886b-b22ebfaf650a" />
    <UnitTestResult executionId="ad5c3d54-827b-46ba-83b2-6d1724b4e675" testId="6c21696d-4564-e91b-900d-c1197f4000d1" testName="LlamaHarness.Tests.GatewayRewriteBaselineTests.DetectToolLoop_LastMessageRoleTool_ReturnsTrue" computerName="DESKCOMPUTER" duration="00:00:00.0044055" startTime="2026-08-30T23:16:51.3670826+08:00" endTime="2026-08-30T23:16:51.3670913+08:00" testType="13cdc9d9-ddb5-4fa4-a97d-d965ccfc6d4b" outcome="Passed" testListId="8c84fa94-04c1-424b-9868-57a2d4851a1d" relativeResultsDirectory="ad5c3d54-827b-46ba-83b2-6d1724b4e675" />
    <UnitTestResult executionId="9e7e3a83-5043-4c6e-aea2-4cf37a194256" testId="ea769ea3-e87d-c2ee-d958-c8b6a1ec20e3" testName="LlamaHarness.Tests.GatewayRewriteBaselineTests.DetectToolLoop_NoMessages_ReturnsFalse" computerName="DESKCOMPUTER" duration="00:00:00.0000621" startTime="2026-08-30T23:16:51.3849693+08:00" endTime="2026-08-30T23:16:51.3849693+08:00" testType="13cdc9d9-ddb5-4fa4-a97d-d965ccfc6d4b" outcome="Passed" testListId="8c84fa94-04c1-424b-9868-57a2d4851a1d" relativeResultsDirectory="9e7e3a83-5043-4c6e-aea2-4cf37a194256" />
    <UnitTestResult executionId="76f68a68-f3f5-4985-9e75-7c38105661c3" testId="8f69542f-af20-3d76-a260-1e332584266a" testName="LlamaHarness.Tests.PrefixFingerprintAndLogFileTests.LastMessageChange_FingerprintUnchanged" computerName="DESKCOMPUTER" duration="00:00:00.0000494" startTime="2026-08-30T23:16:51.5028082+08:00" endTime="2026-08-30T23:16:51.5028082+08:00" testType="13cdc9d9-ddb5-4fa4-a97d-d965ccfc6d4b" outcome="Passed" testListId="8c84fa94-04c1-424b-9868-57a2d4851a1d" relativeResultsDirectory="76f68a68-f3f5-4985-9e75-7c38105661c3" />
    <UnitTestResult executionId="9e50296e-1d3d-43b1-8801-aa23a459fd31" testId="6406c688-2913-f9e1-f711-25813e3e7fb2" testName="LlamaHarness.Tests.SlotAffinityConcurrencyTests.ExistingBinding_RefreshesAndReturnsSameSlot" computerName="DESKCOMPUTER" duration="00:00:00.0105522" startTime="2026-08-30T23:16:51.3848963+08:00" endTime="2026-08-30T23:16:51.3848964+08:00" testType="13cdc9d9-ddb5-4fa4-a97d-d965ccfc6d4b" outcome="Passed" testListId="8c84fa94-04c1-424b-9868-57a2d4851a1d" relativeResultsDirectory="9e50296e-1d3d-43b1-8801-aa23a459fd31" />
    <UnitTestResult executionId="f20cce04-cdc7-47eb-b9c3-384c45726b1c" testId="adaa6e94-aa97-584b-8cf6-38d9dd65ab4f" testName="LlamaHarness.Tests.GatewayRewriteBaselineTests.EnsureStreamTrue_StringFallback_NoFieldInjects" computerName="DESKCOMPUTER" duration="00:00:00.0003438" startTime="2026-08-30T23:16:51.3862311+08:00" endTime="2026-08-30T23:16:51.3862312+08:00" testType="13cdc9d9-ddb5-4fa4-a97d-d965ccfc6d4b" outcome="Passed" testListId="8c84fa94-04c1-424b-9868-57a2d4851a1d" relativeResultsDirectory="f20cce04-cdc7-47eb-b9c3-384c45726b1c" />
    <UnitTestResult executionId="f6437d82-53f1-4688-aa8b-e014ca5f0180" testId="c902975c-3b32-07ec-8f57-5151add3c57a" testName="LlamaHarness.Tests.GatewayRewriteBaselineTests.InjectThinkingMode_ArrayContentSkipped" computerName="DESKCOMPUTER" duration="00:00:00.0034633" startTime="2026-08-30T23:16:51.3849259+08:00" endTime="2026-08-30T23:16:51.3849259+08:00" testType="13cdc9d9-ddb5-4fa4-a97d-d965ccfc6d4b" outcome="Passed" testListId="8c84fa94-04c1-424b-9868-57a2d4851a1d" relativeResultsDirectory="f6437d82-53f1-4688-aa8b-e014ca5f0180" />
    <UnitTestResult executionId="d11f49c5-a05c-4006-9e77-e96708379d7a" testId="f07c8edd-11ea-5740-8813-73d1b68adc7f" testName="LlamaHarness.Tests.GatewayRewriteBaselineTests.EnsureStreamTrue_Dom_SetsStreamTrue" computerName="DESKCOMPUTER" duration="00:00:00.0001153" startTime="2026-08-30T23:16:51.3862099+08:00" endTime="2026-08-30T23:16:51.3862099+08:00" testType="13cdc9d9-ddb5-4fa4-a97d-d965ccfc6d4b" outcome="Passed" testListId="8c84fa94-04c1-424b-9868-57a2d4851a1d" relativeResultsDirectory="d11f49c5-a05c-4006-9e77-e96708379d7a" />
    <UnitTestResult executionId="1007ec3f-42b5-4237-a038-608f1cefa18a" testId="02df5131-c734-50b9-6f95-ca07704be3ce" testName="LlamaHarness.Tests.SlotAffinityConcurrencyTests.WaitQueue_DoesNotBlockOtherSlotOperations_AndAcquiresAfterRelease" computerName="DESKCOMPUTER" duration="00:00:01.0221989" startTime="2026-08-30T23:16:53.4154004+08:00" endTime="2026-08-30T23:16:53.4154008+08:00" testType="13cdc9d9-ddb5-4fa4-a97d-d965ccfc6d4b" outcome="Passed" testListId="8c84fa94-04c1-424b-9868-57a2d4851a1d" relativeResultsDirectory="1007ec3f-42b5-4237-a038-608f1cefa18a" />
    <UnitTestResult executionId="2ffc6181-1d63-4953-b704-d3a5c612aaba" testId="12045fa2-9480-bb27-dd4d-3d1c04893d22" testName="LlamaHarness.Tests.PrefixFingerprintAndLogFileTests.SameMessages_SameFingerprint" computerName="DESKCOMPUTER" duration="00:00:00.0000953" startTime="2026-08-30T23:16:51.5027899+08:00" endTime="2026-08-30T23:16:51.5027899+08:00" testType="13cdc9d9-ddb5-4fa4-a97d-d965ccfc6d4b" outcome="Passed" testListId="8c84fa94-04c1-424b-9868-57a2d4851a1d" relativeResultsDirectory="2ffc6181-1d63-4953-b704-d3a5c612aaba" />
    <UnitTestResult executionId="9209bd79-ac2c-48a6-b2a1-f3445b1937de" testId="26ff57db-7d55-9a0a-f0c8-47e99b804f51" testName="LlamaHarness.Tests.GatewayRewriteBaselineTests.InjectThinkingMode_OffStateInjectsEnableThinkingFalse" computerName="DESKCOMPUTER" duration="00:00:00.0002909" startTime="2026-08-30T23:16:51.3862446+08:00" endTime="2026-08-30T23:16:51.3862447+08:00" testType="13cdc9d9-ddb5-4fa4-a97d-d965ccfc6d4b" outcome="Passed" testListId="8c84fa94-04c1-424b-9868-57a2d4851a1d" relativeResultsDirectory="9209bd79-ac2c-48a6-b2a1-f3445b1937de" />
    <UnitTestResult executionId="a47cd30e-dddf-4fbc-bbe4-db1af5a47068" testId="cb86e548-814f-b05b-3dc1-aae2d32cc77f" testName="LlamaHarness.Tests.GatewayRewriteBaselineTests.InjectThinkingMode_OnInstructionSwitchesToXHighAndStripsText" computerName="DESKCOMPUTER" duration="00:00:00.0042902" startTime="2026-08-30T23:16:51.3862944+08:00" endTime="2026-08-30T23:16:51.3862945+08:00" testType="13cdc9d9-ddb5-4fa4-a97d-d965ccfc6d4b" outcome="Passed" testListId="8c84fa94-04c1-424b-9868-57a2d4851a1d" relativeResultsDirectory="a47cd30e-dddf-4fbc-bbe4-db1af5a47068" />
    <UnitTestResult executionId="c78b5239-b853-4329-b482-5386f50f5833" testId="0148be6c-3c57-2a31-ae65-ca0ddcb38b58" testName="LlamaHarness.Tests.SlotAffinityConcurrencyTests.WaitQueue_TimeoutDegradesToRandomSlotWithoutBinding" computerName="DESKCOMPUTER" duration="00:00:01.0216340" startTime="2026-08-30T23:16:52.3930238+08:00" endTime="2026-08-30T23:16:52.3930242+08:00" testType="13cdc9d9-ddb5-4fa4-a97d-d965ccfc6d4b" outcome="Passed" testListId="8c84fa94-04c1-424b-9868-57a2d4851a1d" relativeResultsDirectory="c78b5239-b853-4329-b482-5386f50f5833" />
    <UnitTestResult executionId="f6c95eeb-ab57-407f-a9e6-108bc5c81366" testId="9a8db184-c32a-7b0f-30ba-ddb7de2d764c" testName="LlamaHarness.Tests.PrefixFingerprintAndLogFileTests.NoMessages_ReturnsNull" computerName="DESKCOMPUTER" duration="00:00:00.0000515" startTime="2026-08-30T23:16:51.3846107+08:00" endTime="2026-08-30T23:16:51.3846108+08:00" testType="13cdc9d9-ddb5-4fa4-a97d-d965ccfc6d4b" outcome="Passed" testListId="8c84fa94-04c1-424b-9868-57a2d4851a1d" relativeResultsDirectory="f6c95eeb-ab57-407f-a9e6-108bc5c81366" />
    <UnitTestResult executionId="6972ab96-e11c-4279-bd2f-abac791e6214" testId="1a10a111-7feb-5cdf-90c3-afd35e6d4ee6" testName="LlamaHarness.Tests.TokenGuardTrimTests.ContentFallback_HalvingConverges" computerName="DESKCOMPUTER" duration="00:00:00.0063970" startTime="2026-08-30T23:16:51.3862816+08:00" endTime="2026-08-30T23:16:51.3862816+08:00" testType="13cdc9d9-ddb5-4fa4-a97d-d965ccfc6d4b" outcome="Passed" testListId="8c84fa94-04c1-424b-9868-57a2d4851a1d" relativeResultsDirectory="6972ab96-e11c-4279-bd2f-abac791e6214" />
    <UnitTestResult executionId="4fe1a2be-f005-4728-9f05-84a1c9b022dd" testId="bc28f73f-fc7d-6ab7-f06c-8e0c67f1c62c" testName="LlamaHarness.Tests.TokenGuardTrimTests.TokenizeFailureMidTrim_DegradesToUnmodified" computerName="DESKCOMPUTER" duration="00:00:00.0055222" startTime="2026-08-30T23:16:51.3683058+08:00" endTime="2026-08-30T23:16:51.3683059+08:00" testType="13cdc9d9-ddb5-4fa4-a97d-d965ccfc6d4b" outcome="Passed" testListId="8c84fa94-04c1-424b-9868-57a2d4851a1d" relativeResultsDirectory="4fe1a2be-f005-4728-9f05-84a1c9b022dd" />
    <UnitTestResult executionId="042980d5-d768-4205-849e-869405835b0b" testId="8420ad58-e91c-b79d-af3c-80f5953598f7" testName="LlamaHarness.Tests.GatewayRewriteBaselineTests.InjectNSlots_RespectsExistingClientValue" computerName="DESKCOMPUTER" duration="00:00:00.0003085" startTime="2026-08-30T23:16:51.3861864+08:00" endTime="2026-08-30T23:16:51.3861866+08:00" testType="13cdc9d9-ddb5-4fa4-a97d-d965ccfc6d4b" outcome="Passed" testListId="8c84fa94-04c1-424b-9868-57a2d4851a1d" relativeResultsDirectory="042980d5-d768-4205-849e-869405835b0b" />
    <UnitTestResult executionId="fad8d126-cefa-4ef0-ac6e-3223e4eb7902" testId="0c8e074e-0d90-09cf-b1b6-57d0465fd536" testName="LlamaHarness.Tests.GatewayRewriteBaselineTests.InjectNSlots_AddsWhenMissing" computerName="DESKCOMPUTER" duration="00:00:00.0001494" startTime="2026-08-30T23:16:51.3862561+08:00" endTime="2026-08-30T23:16:51.3862561+08:00" testType="13cdc9d9-ddb5-4fa4-a97d-d965ccfc6d4b" outcome="Passed" testListId="8c84fa94-04c1-424b-9868-57a2d4851a1d" relativeResultsDirectory="fad8d126-cefa-4ef0-ac6e-3223e4eb7902" />
    <UnitTestResult executionId="fdb52842-3a70-47a3-b04f-7bc4e0f3772e" testId="20ae1bee-301d-afe8-5285-ba1f8047f578" testName="LlamaHarness.Tests.TokenGuardTrimTests.TurnTrim_FinalCountWithinBudget" computerName="DESKCOMPUTER" duration="00:00:00.0009583" startTime="2026-08-30T23:16:51.3865018+08:00" endTime="2026-08-30T23:16:51.3865019+08:00" testType="13cdc9d9-ddb5-4fa4-a97d-d965ccfc6d4b" outcome="Passed" testListId="8c84fa94-04c1-424b-9868-57a2d4851a1d" relativeResultsDirectory="fdb52842-3a70-47a3-b04f-7bc4e0f3772e" />
    <UnitTestResult executionId="4ec50a24-b219-4ff7-a13a-9a5e68ed485b" testId="1fa05d5e-4084-fe1d-1fbe-3a8f3ea4af33" testName="LlamaHarness.Tests.TokenGuardTrimTests.WithinBudget_NoTrim_OriginalBodyPreserved" computerName="DESKCOMPUTER" duration="00:00:00.0011377" startTime="2026-08-30T23:16:51.3848592+08:00" endTime="2026-08-30T23:16:51.3848592+08:00" testType="13cdc9d9-ddb5-4fa4-a97d-d965ccfc6d4b" outcome="Passed" testListId="8c84fa94-04c1-424b-9868-57a2d4851a1d" relativeResultsDirectory="4ec50a24-b219-4ff7-a13a-9a5e68ed485b" />
    <UnitTestResult executionId="bb6f79d1-224d-4e4d-8815-30268cc711de" testId="31ade111-2df8-5a56-2877-d494aa452530" testName="LlamaHarness.Tests.GatewayRewriteBaselineTests.DetectToolLoop_HistoryHasToolButLastIsAssistant_ReturnsFalse" computerName="DESKCOMPUTER" duration="00:00:00.0000487" startTime="2026-08-30T23:16:51.3862697+08:00" endTime="2026-08-30T23:16:51.3862697+08:00" testType="13cdc9d9-ddb5-4fa4-a97d-d965ccfc6d4b" outcome="Passed" testListId="8c84fa94-04c1-424b-9868-57a2d4851a1d" relativeResultsDirectory="bb6f79d1-224d-4e4d-8815-30268cc711de" />
    <UnitTestResult executionId="770fed0f-f121-4526-8c21-79efc984c030" testId="ee088364-369f-36a3-e614-8283adb1ed41" testName="LlamaHarness.Tests.PrefixFingerprintAndLogFileTests.ContentChange_FingerprintChanges" computerName="DESKCOMPUTER" duration="00:00:00.0015932" startTime="2026-08-30T23:16:51.3690427+08:00" endTime="2026-08-30T23:16:51.3690427+08:00" testType="13cdc9d9-ddb5-4fa4-a97d-d965ccfc6d4b" outcome="Passed" testListId="8c84fa94-04c1-424b-9868-57a2d4851a1d" relativeResultsDirectory="770fed0f-f121-4526-8c21-79efc984c030" />
    <UnitTestResult executionId="a6595822-2764-4e0d-9b14-212c641b8688" testId="6b400bc7-be21-d6fa-dcb6-8508c4dfe80d" testName="LlamaHarness.Tests.PrefixFingerprintAndLogFileTests.Append_FlushesToDiskWithinTimerInterval" computerName="DESKCOMPUTER" duration="00:00:00.1246128" startTime="2026-08-30T23:16:51.5026878+08:00" endTime="2026-08-30T23:16:51.5026883+08:00" testType="13cdc9d9-ddb5-4fa4-a97d-d965ccfc6d4b" outcome="Failed" testListId="8c84fa94-04c1-424b-9868-57a2d4851a1d" relativeResultsDirectory="a6595822-2764-4e0d-9b14-212c641b8688">
      <Output>
        <ErrorInfo>
          <Message>System.IO.IOException : The process cannot access the file 'C:\project\lunch\LlamaHarness.Tests\bin\Debug\net8.0-windows\logs\harness.log' because it is being used by another process.</Message>
          <StackTrace>   at Microsoft.Win32.SafeHandles.SafeFileHandle.CreateFile(String fullPath, FileMode mode, FileAccess access, FileShare share, FileOptions options)&#xD;
   at Microsoft.Win32.SafeHandles.SafeFileHandle.Open(String fullPath, FileMode mode, FileAccess access, FileShare share, FileOptions options, Int64 preallocationSize, Nullable`1 unixCreateMode)&#xD;
   at System.IO.Strategies.OSFileStreamStrategy..ctor(String path, FileMode mode, FileAccess access, FileShare share, FileOptions options, Int64 preallocationSize, Nullable`1 unixCreateMode)&#xD;
   at System.IO.Strategies.FileStreamHelpers.ChooseStrategyCore(String path, FileMode mode, FileAccess access, FileShare share, FileOptions options, Int64 preallocationSize, Nullable`1 unixCreateMode)&#xD;
   at System.IO.StreamReader.ValidateArgsAndOpenPath(String path, Encoding encoding, Int32 bufferSize)&#xD;
   at System.IO.File.ReadAllText(String path, Encoding encoding)&#xD;
   at LlamaHarness.Tests.PrefixFingerprintAndLogFileTests.Append_FlushesToDiskWithinTimerInterval() in C:\project\lunch\LlamaHarness.Tests\PrefixFingerprintAndLogFileTests.cs:line 75&#xD;
--- End of stack trace from previous location ---</StackTrace>
        </ErrorInfo>
      </Output>
    </UnitTestResult>
    <UnitTestResult executionId="c3227260-e96d-44ce-8762-3bef2df40c22" testId="7d2e5fe2-f19d-fc51-4481-597b29866956" testName="LlamaHarness.Tests.GatewayRewriteBaselineTests.InjectThinkingMode_CleansClientReasoningEffort" computerName="DESKCOMPUTER" duration="00:00:00.0010845" startTime="2026-08-30T23:16:51.3690301+08:00" endTime="2026-08-30T23:16:51.3690301+08:00" testType="13cdc9d9-ddb5-4fa4-a97d-d965ccfc6d4b" outcome="Passed" testListId="8c84fa94-04c1-424b-9868-57a2d4851a1d" relativeResultsDirectory="c3227260-e96d-44ce-8762-3bef2df40c22" />
    <UnitTestResult executionId="84b4c16d-3a7e-4a55-abe8-c20acec07020" testId="de5421bb-220f-a6dd-7141-8d7f6d44da3b" testName="LlamaHarness.Tests.PrefixFingerprintAndLogFileTests.SingleMessage_ReturnsNull" computerName="DESKCOMPUTER" duration="00:00:00.0043923" startTime="2026-08-30T23:16:51.3684256+08:00" endTime="2026-08-30T23:16:51.3684256+08:00" testType="13cdc9d9-ddb5-4fa4-a97d-d965ccfc6d4b" outcome="Passed" testListId="8c84fa94-04c1-424b-9868-57a2d4851a1d" relativeResultsDirectory="84b4c16d-3a7e-4a55-abe8-c20acec07020" />
    <UnitTestResult executionId="456d65b8-0bdd-4a8e-bfe9-967709ad7ddd" testId="9787d606-57ba-62f3-a381-2f1144b97c13" testName="LlamaHarness.Tests.GatewayRewriteBaselineTests.EnsureStreamTrue_StringFallback_FalseToTrue" computerName="DESKCOMPUTER" duration="00:00:00.0001279" startTime="2026-08-30T23:16:51.3864939+08:00" endTime="2026-08-30T23:16:51.3864940+08:00" testType="13cdc9d9-ddb5-4fa4-a97d-d965ccfc6d4b" outcome="Passed" testListId="8c84fa94-04c1-424b-9868-57a2d4851a1d" relativeResultsDirectory="456d65b8-0bdd-4a8e-bfe9-967709ad7ddd" />
  </Results>
  <TestDefinitions>
    <UnitTest name="LlamaHarness.Tests.TokenGuardTrimTests.NoUserMessages_PassThrough" storage="c:\project\lunch\llamaharness.tests\bin\debug\net8.0-windows\llamaharness.tests.dll" id="d1386022-a192-733a-df1c-b689a9f64693">
      <Execution id="cef20bec-ed37-4dd4-9b8c-b7c1f4b2232d" />
      <TestMethod codeBase="C:\project\lunch\LlamaHarness.Tests\bin\Debug\net8.0-windows\LlamaHarness.Tests.dll" adapterTypeName="executor://xunit/VsTestRunner2/netcoreapp" className="LlamaHarness.Tests.TokenGuardTrimTests" name="NoUserMessages_PassThrough" />
    </UnitTest>
    <UnitTest name="LlamaHarness.Tests.GatewayRewriteBaselineTests.EnsureStreamTrue_Dom_SetsStreamTrue" storage="c:\project\lunch\llamaharness.tests\bin\debug\net8.0-windows\llamaharness.tests.dll" id="f07c8edd-11ea-5740-8813-73d1b68adc7f">
      <Execution id="d11f49c5-a05c-4006-9e77-e96708379d7a" />
      <TestMethod codeBase="C:\project\lunch\LlamaHarness.Tests\bin\Debug\net8.0-windows\LlamaHarness.Tests.dll" adapterTypeName="executor://xunit/VsTestRunner2/netcoreapp" className="LlamaHarness.Tests.GatewayRewriteBaselineTests" name="EnsureStreamTrue_Dom_SetsStreamTrue" />
    </UnitTest>
    <UnitTest name="LlamaHarness.Tests.GatewayRewriteBaselineTests.InjectThinkingMode_OffStateInjectsEnableThinkingFalse" storage="c:\project\lunch\llamaharness.tests\bin\debug\net8.0-windows\llamaharness.tests.dll" id="26ff57db-7d55-9a0a-f0c8-47e99b804f51">
      <Execution id="9209bd79-ac2c-48a6-b2a1-f3445b1937de" />
      <TestMethod codeBase="C:\project\lunch\LlamaHarness.Tests\bin\Debug\net8.0-windows\LlamaHarness.Tests.dll" adapterTypeName="executor://xunit/VsTestRunner2/netcoreapp" className="LlamaHarness.Tests.GatewayRewriteBaselineTests" name="InjectThinkingMode_OffStateInjectsEnableThinkingFalse" />
    </UnitTest>
    <UnitTest name="LlamaHarness.Tests.GatewayRewriteBaselineTests.InjectThinkingMode_ArrayContentSkipped" storage="c:\project\lunch\llamaharness.tests\bin\debug\net8.0-windows\llamaharness.tests.dll" id="c902975c-3b32-07ec-8f57-5151add3c57a">
      <Execution id="f6437d82-53f1-4688-aa8b-e014ca5f0180" />
      <TestMethod codeBase="C:\project\lunch\LlamaHarness.Tests\bin\Debug\net8.0-windows\LlamaHarness.Tests.dll" adapterTypeName="executor://xunit/VsTestRunner2/netcoreapp" className="LlamaHarness.Tests.GatewayRewriteBaselineTests" name="InjectThinkingMode_ArrayContentSkipped" />
    </UnitTest>
    <UnitTest name="LlamaHarness.Tests.TokenGuardTrimTests.TokenizeFailureMidTrim_DegradesToUnmodified" storage="c:\project\lunch\llamaharness.tests\bin\debug\net8.0-windows\llamaharness.tests.dll" id="bc28f73f-fc7d-6ab7-f06c-8e0c67f1c62c">
      <Execution id="4fe1a2be-f005-4728-9f05-84a1c9b022dd" />
      <TestMethod codeBase="C:\project\lunch\LlamaHarness.Tests\bin\Debug\net8.0-windows\LlamaHarness.Tests.dll" adapterTypeName="executor://xunit/VsTestRunner2/netcoreapp" className="LlamaHarness.Tests.TokenGuardTrimTests" name="TokenizeFailureMidTrim_DegradesToUnmodified" />
    </UnitTest>
    <UnitTest name="LlamaHarness.Tests.SlotAffinityConcurrencyTests.WaitQueue_TimeoutDegradesToRandomSlotWithoutBinding" storage="c:\project\lunch\llamaharness.tests\bin\debug\net8.0-windows\llamaharness.tests.dll" id="0148be6c-3c57-2a31-ae65-ca0ddcb38b58">
      <Execution id="c78b5239-b853-4329-b482-5386f50f5833" />
      <TestMethod codeBase="C:\project\lunch\LlamaHarness.Tests\bin\Debug\net8.0-windows\LlamaHarness.Tests.dll" adapterTypeName="executor://xunit/VsTestRunner2/netcoreapp" className="LlamaHarness.Tests.SlotAffinityConcurrencyTests" name="WaitQueue_TimeoutDegradesToRandomSlotWithoutBinding" />
    </UnitTest>
    <UnitTest name="LlamaHarness.Tests.PrefixFingerprintAndLogFileTests.NoMessages_ReturnsNull" storage="c:\project\lunch\llamaharness.tests\bin\debug\net8.0-windows\llamaharness.tests.dll" id="9a8db184-c32a-7b0f-30ba-ddb7de2d764c">
      <Execution id="f6c95eeb-ab57-407f-a9e6-108bc5c81366" />
      <TestMethod codeBase="C:\project\lunch\LlamaHarness.Tests\bin\Debug\net8.0-windows\LlamaHarness.Tests.dll" adapterTypeName="executor://xunit/VsTestRunner2/netcoreapp" className="LlamaHarness.Tests.PrefixFingerprintAndLogFileTests" name="NoMessages_ReturnsNull" />
    </UnitTest>
    <UnitTest name="LlamaHarness.Tests.SlotAffinityConcurrencyTests.WaitQueue_DoesNotBlockOtherSlotOperations_AndAcquiresAfterRelease" storage="c:\project\lunch\llamaharness.tests\bin\debug\net8.0-windows\llamaharness.tests.dll" id="02df5131-c734-50b9-6f95-ca07704be3ce">
      <Execution id="1007ec3f-42b5-4237-a038-608f1cefa18a" />
      <TestMethod codeBase="C:\project\lunch\LlamaHarness.Tests\bin\Debug\net8.0-windows\LlamaHarness.Tests.dll" adapterTypeName="executor://xunit/VsTestRunner2/netcoreapp" className="LlamaHarness.Tests.SlotAffinityConcurrencyTests" name="WaitQueue_DoesNotBlockOtherSlotOperations_AndAcquiresAfterRelease" />
    </UnitTest>
    <UnitTest name="LlamaHarness.Tests.SlotAffinityConcurrencyTests.ExistingBinding_RefreshesAndReturnsSameSlot" storage="c:\project\lunch\llamaharness.tests\bin\debug\net8.0-windows\llamaharness.tests.dll" id="6406c688-2913-f9e1-f711-25813e3e7fb2">
      <Execution id="9e50296e-1d3d-43b1-8801-aa23a459fd31" />
      <TestMethod codeBase="C:\project\lunch\LlamaHarness.Tests\bin\Debug\net8.0-windows\LlamaHarness.Tests.dll" adapterTypeName="executor://xunit/VsTestRunner2/netcoreapp" className="LlamaHarness.Tests.SlotAffinityConcurrencyTests" name="ExistingBinding_RefreshesAndReturnsSameSlot" />
    </UnitTest>
    <UnitTest name="LlamaHarness.Tests.PrefixFingerprintAndLogFileTests.Append_FlushesToDiskWithinTimerInterval" storage="c:\project\lunch\llamaharness.tests\bin\debug\net8.0-windows\llamaharness.tests.dll" id="6b400bc7-be21-d6fa-dcb6-8508c4dfe80d">
      <Execution id="a6595822-2764-4e0d-9b14-212c641b8688" />
      <TestMethod codeBase="C:\project\lunch\LlamaHarness.Tests\bin\Debug\net8.0-windows\LlamaHarness.Tests.dll" adapterTypeName="executor://xunit/VsTestRunner2/netcoreapp" className="LlamaHarness.Tests.PrefixFingerprintAndLogFileTests" name="Append_FlushesToDiskWithinTimerInterval" />
    </UnitTest>
    <UnitTest name="LlamaHarness.Tests.GatewayRewriteBaselineTests.InjectThinkingMode_CleansClientReasoningEffort" storage="c:\project\lunch\llamaharness.tests\bin\debug\net8.0-windows\llamaharness.tests.dll" id="7d2e5fe2-f19d-fc51-4481-597b29866956">
      <Execution id="c3227260-e96d-44ce-8762-3bef2df40c22" />
      <TestMethod codeBase="C:\project\lunch\LlamaHarness.Tests\bin\Debug\net8.0-windows\LlamaHarness.Tests.dll" adapterTypeName="executor://xunit/VsTestRunner2/netcoreapp" className="LlamaHarness.Tests.GatewayRewriteBaselineTests" name="InjectThinkingMode_CleansClientReasoningEffort" />
    </UnitTest>
    <UnitTest name="LlamaHarness.Tests.PrefixFingerprintAndLogFileTests.LastMessageChange_FingerprintUnchanged" storage="c:\project\lunch\llamaharness.tests\bin\debug\net8.0-windows\llamaharness.tests.dll" id="8f69542f-af20-3d76-a260-1e332584266a">
      <Execution id="76f68a68-f3f5-4985-9e75-7c38105661c3" />
      <TestMethod codeBase="C:\project\lunch\LlamaHarness.Tests\bin\Debug\net8.0-windows\LlamaHarness.Tests.dll" adapterTypeName="executor://xunit/VsTestRunner2/netcoreapp" className="LlamaHarness.Tests.PrefixFingerprintAndLogFileTests" name="LastMessageChange_FingerprintUnchanged" />
    </UnitTest>
    <UnitTest name="LlamaHarness.Tests.GatewayRewriteBaselineTests.InjectNSlots_RespectsExistingClientValue" storage="c:\project\lunch\llamaharness.tests\bin\debug\net8.0-windows\llamaharness.tests.dll" id="8420ad58-e91c-b79d-af3c-80f5953598f7">
      <Execution id="042980d5-d768-4205-849e-869405835b0b" />
      <TestMethod codeBase="C:\project\lunch\LlamaHarness.Tests\bin\Debug\net8.0-windows\LlamaHarness.Tests.dll" adapterTypeName="executor://xunit/VsTestRunner2/netcoreapp" className="LlamaHarness.Tests.GatewayRewriteBaselineTests" name="InjectNSlots_RespectsExistingClientValue" />
    </UnitTest>
    <UnitTest name="LlamaHarness.Tests.PrefixFingerprintAndLogFileTests.SingleMessage_ReturnsNull" storage="c:\project\lunch\llamaharness.tests\bin\debug\net8.0-windows\llamaharness.tests.dll" id="de5421bb-220f-a6dd-7141-8d7f6d44da3b">
      <Execution id="84b4c16d-3a7e-4a55-abe8-c20acec07020" />
      <TestMethod codeBase="C:\project\lunch\LlamaHarness.Tests\bin\Debug\net8.0-windows\LlamaHarness.Tests.dll" adapterTypeName="executor://xunit/VsTestRunner2/netcoreapp" className="LlamaHarness.Tests.PrefixFingerprintAndLogFileTests" name="SingleMessage_ReturnsNull" />
    </UnitTest>
    <UnitTest name="LlamaHarness.Tests.GatewayRewriteBaselineTests.DetectToolLoop_LastMessageRoleTool_ReturnsTrue" storage="c:\project\lunch\llamaharness.tests\bin\debug\net8.0-windows\llamaharness.tests.dll" id="6c21696d-4564-e91b-900d-c1197f4000d1">
      <Execution id="ad5c3d54-827b-46ba-83b2-6d1724b4e675" />
      <TestMethod codeBase="C:\project\lunch\LlamaHarness.Tests\bin\Debug\net8.0-windows\LlamaHarness.Tests.dll" adapterTypeName="executor://xunit/VsTestRunner2/netcoreapp" className="LlamaHarness.Tests.GatewayRewriteBaselineTests" name="DetectToolLoop_LastMessageRoleTool_ReturnsTrue" />
    </UnitTest>
    <UnitTest name="LlamaHarness.Tests.GatewayRewriteBaselineTests.DetectToolLoop_NoMessages_ReturnsFalse" storage="c:\project\lunch\llamaharness.tests\bin\debug\net8.0-windows\llamaharness.tests.dll" id="ea769ea3-e87d-c2ee-d958-c8b6a1ec20e3">
      <Execution id="9e7e3a83-5043-4c6e-aea2-4cf37a194256" />
      <TestMethod codeBase="C:\project\lunch\LlamaHarness.Tests\bin\Debug\net8.0-windows\LlamaHarness.Tests.dll" adapterTypeName="executor://xunit/VsTestRunner2/netcoreapp" className="LlamaHarness.Tests.GatewayRewriteBaselineTests" name="DetectToolLoop_NoMessages_ReturnsFalse" />
    </UnitTest>
    <UnitTest name="LlamaHarness.Tests.GatewayRewriteBaselineTests.EnsureStreamTrue_StringFallback_NoFieldInjects" storage="c:\project\lunch\llamaharness.tests\bin\debug\net8.0-windows\llamaharness.tests.dll" id="adaa6e94-aa97-584b-8cf6-38d9dd65ab4f">
      <Execution id="f20cce04-cdc7-47eb-b9c3-384c45726b1c" />
      <TestMethod codeBase="C:\project\lunch\LlamaHarness.Tests\bin\Debug\net8.0-windows\LlamaHarness.Tests.dll" adapterTypeName="executor://xunit/VsTestRunner2/netcoreapp" className="LlamaHarness.Tests.GatewayRewriteBaselineTests" name="EnsureStreamTrue_StringFallback_NoFieldInjects" />
    </UnitTest>
    <UnitTest name="LlamaHarness.Tests.TokenGuardTrimTests.TurnTrim_FinalCountWithinBudget" storage="c:\project\lunch\llamaharness.tests\bin\debug\net8.0-windows\llamaharness.tests.dll" id="20ae1bee-301d-afe8-5285-ba1f8047f578">
      <Execution id="fdb52842-3a70-47a3-b04f-7bc4e0f3772e" />
      <TestMethod codeBase="C:\project\lunch\LlamaHarness.Tests\bin\Debug\net8.0-windows\LlamaHarness.Tests.dll" adapterTypeName="executor://xunit/VsTestRunner2/netcoreapp" className="LlamaHarness.Tests.TokenGuardTrimTests" name="TurnTrim_FinalCountWithinBudget" />
    </UnitTest>
    <UnitTest name="LlamaHarness.Tests.GatewayRewriteBaselineTests.DetectToolLoop_HistoryHasToolButLastIsAssistant_ReturnsFalse" storage="c:\project\lunch\llamaharness.tests\bin\debug\net8.0-windows\llamaharness.tests.dll" id="31ade111-2df8-5a56-2877-d494aa452530">
      <Execution id="bb6f79d1-224d-4e4d-8815-30268cc711de" />
      <TestMethod codeBase="C:\project\lunch\LlamaHarness.Tests\bin\Debug\net8.0-windows\LlamaHarness.Tests.dll" adapterTypeName="executor://xunit/VsTestRunner2/netcoreapp" className="LlamaHarness.Tests.GatewayRewriteBaselineTests" name="DetectToolLoop_HistoryHasToolButLastIsAssistant_ReturnsFalse" />
    </UnitTest>
    <UnitTest name="LlamaHarness.Tests.GatewayRewriteBaselineTests.EnsureStreamTrue_StringFallback_FalseToTrue" storage="c:\project\lunch\llamaharness.tests\bin\debug\net8.0-windows\llamaharness.tests.dll" id="9787d606-57ba-62f3-a381-2f1144b97c13">
      <Execution id="456d65b8-0bdd-4a8e-bfe9-967709ad7ddd" />
      <TestMethod codeBase="C:\project\lunch\LlamaHarness.Tests\bin\Debug\net8.0-windows\LlamaHarness.Tests.dll" adapterTypeName="executor://xunit/VsTestRunner2/netcoreapp" className="LlamaHarness.Tests.GatewayRewriteBaselineTests" name="EnsureStreamTrue_StringFallback_FalseToTrue" />
    </UnitTest>
    <UnitTest name="LlamaHarness.Tests.PrefixFingerprintAndLogFileTests.SameMessages_SameFingerprint" storage="c:\project\lunch\llamaharness.tests\bin\debug\net8.0-windows\llamaharness.tests.dll" id="12045fa2-9480-bb27-dd4d-3d1c04893d22">
      <Execution id="2ffc6181-1d63-4953-b704-d3a5c612aaba" />
      <TestMethod codeBase="C:\project\lunch\LlamaHarness.Tests\bin\Debug\net8.0-windows\LlamaHarness.Tests.dll" adapterTypeName="executor://xunit/VsTestRunner2/netcoreapp" className="LlamaHarness.Tests.PrefixFingerprintAndLogFileTests" name="SameMessages_SameFingerprint" />
    </UnitTest>
    <UnitTest name="LlamaHarness.Tests.GatewayRewriteBaselineTests.InjectThinkingMode_OnInstructionSwitchesToXHighAndStripsText" storage="c:\project\lunch\llamaharness.tests\bin\debug\net8.0-windows\llamaharness.tests.dll" id="cb86e548-814f-b05b-3dc1-aae2d32cc77f">
      <Execution id="a47cd30e-dddf-4fbc-bbe4-db1af5a47068" />
      <TestMethod codeBase="C:\project\lunch\LlamaHarness.Tests\bin\Debug\net8.0-windows\LlamaHarness.Tests.dll" adapterTypeName="executor://xunit/VsTestRunner2/netcoreapp" className="LlamaHarness.Tests.GatewayRewriteBaselineTests" name="InjectThinkingMode_OnInstructionSwitchesToXHighAndStripsText" />
    </UnitTest>
    <UnitTest name="LlamaHarness.Tests.TokenGuardTrimTests.WithinBudget_NoTrim_OriginalBodyPreserved" storage="c:\project\lunch\llamaharness.tests\bin\debug\net8.0-windows\llamaharness.tests.dll" id="1fa05d5e-4084-fe1d-1fbe-3a8f3ea4af33">
      <Execution id="4ec50a24-b219-4ff7-a13a-9a5e68ed485b" />
      <TestMethod codeBase="C:\project\lunch\LlamaHarness.Tests\bin\Debug\net8.0-windows\LlamaHarness.Tests.dll" adapterTypeName="executor://xunit/VsTestRunner2/netcoreapp" className="LlamaHarness.Tests.TokenGuardTrimTests" name="WithinBudget_NoTrim_OriginalBodyPreserved" />
    </UnitTest>
    <UnitTest name="LlamaHarness.Tests.GatewayRewriteBaselineTests.InjectNSlots_AddsWhenMissing" storage="c:\project\lunch\llamaharness.tests\bin\debug\net8.0-windows\llamaharness.tests.dll" id="0c8e074e-0d90-09cf-b1b6-57d0465fd536">
      <Execution id="fad8d126-cefa-4ef0-ac6e-3223e4eb7902" />
      <TestMethod codeBase="C:\project\lunch\LlamaHarness.Tests\bin\Debug\net8.0-windows\LlamaHarness.Tests.dll" adapterTypeName="executor://xunit/VsTestRunner2/netcoreapp" className="LlamaHarness.Tests.GatewayRewriteBaselineTests" name="InjectNSlots_AddsWhenMissing" />
    </UnitTest>
    <UnitTest name="LlamaHarness.Tests.PrefixFingerprintAndLogFileTests.ContentChange_FingerprintChanges" storage="c:\project\lunch\llamaharness.tests\bin\debug\net8.0-windows\llamaharness.tests.dll" id="ee088364-369f-36a3-e614-8283adb1ed41">
      <Execution id="770fed0f-f121-4526-8c21-79efc984c030" />
      <TestMethod codeBase="C:\project\lunch\LlamaHarness.Tests\bin\Debug\net8.0-windows\LlamaHarness.Tests.dll" adapterTypeName="executor://xunit/VsTestRunner2/netcoreapp" className="LlamaHarness.Tests.PrefixFingerprintAndLogFileTests" name="ContentChange_FingerprintChanges" />
    </UnitTest>
    <UnitTest name="LlamaHarness.Tests.TokenGuardTrimTests.ContentFallback_HalvingConverges" storage="c:\project\lunch\llamaharness.tests\bin\debug\net8.0-windows\llamaharness.tests.dll" id="1a10a111-7feb-5cdf-90c3-afd35e6d4ee6">
      <Execution id="6972ab96-e11c-4279-bd2f-abac791e6214" />
      <TestMethod codeBase="C:\project\lunch\LlamaHarness.Tests\bin\Debug\net8.0-windows\LlamaHarness.Tests.dll" adapterTypeName="executor://xunit/VsTestRunner2/netcoreapp" className="LlamaHarness.Tests.TokenGuardTrimTests" name="ContentFallback_HalvingConverges" />
    </UnitTest>
    <UnitTest name="LlamaHarness.Tests.TokenGuardTrimTests.TurnTrim_BinarySearchConverges_FewerTokenizes" storage="c:\project\lunch\llamaharness.tests\bin\debug\net8.0-windows\llamaharness.tests.dll" id="e4ad1d67-5b58-487a-16a5-598858dcb5d6">
      <Execution id="2dda45b6-5384-4a73-886b-b22ebfaf650a" />
      <TestMethod codeBase="C:\project\lunch\LlamaHarness.Tests\bin\Debug\net8.0-windows\LlamaHarness.Tests.dll" adapterTypeName="executor://xunit/VsTestRunner2/netcoreapp" className="LlamaHarness.Tests.TokenGuardTrimTests" name="TurnTrim_BinarySearchConverges_FewerTokenizes" />
    </UnitTest>
  </TestDefinitions>
  <TestEntries>
    <TestEntry testId="d1386022-a192-733a-df1c-b689a9f64693" executionId="cef20bec-ed37-4dd4-9b8c-b7c1f4b2232d" testListId="8c84fa94-04c1-424b-9868-57a2d4851a1d" />
    <TestEntry testId="e4ad1d67-5b58-487a-16a5-598858dcb5d6" executionId="2dda45b6-5384-4a73-886b-b22ebfaf650a" testListId="8c84fa94-04c1-424b-9868-57a2d4851a1d" />
    <TestEntry testId="6c21696d-4564-e91b-900d-c1197f4000d1" executionId="ad5c3d54-827b-46ba-83b2-6d1724b4e675" testListId="8c84fa94-04c1-424b-9868-57a2d4851a1d" />
    <TestEntry testId="ea769ea3-e87d-c2ee-d958-c8b6a1ec20e3" executionId="9e7e3a83-5043-4c6e-aea2-4cf37a194256" testListId="8c84fa94-04c1-424b-9868-57a2d4851a1d" />
    <TestEntry testId="8f69542f-af20-3d76-a260-1e332584266a" executionId="76f68a68-f3f5-4985-9e75-7c38105661c3" testListId="8c84fa94-04c1-424b-9868-57a2d4851a1d" />
    <TestEntry testId="6406c688-2913-f9e1-f711-25813e3e7fb2" executionId="9e50296e-1d3d-43b1-8801-aa23a459fd31" testListId="8c84fa94-04c1-424b-9868-57a2d4851a1d" />
    <TestEntry testId="adaa6e94-aa97-584b-8cf6-38d9dd65ab4f" executionId="f20cce04-cdc7-47eb-b9c3-384c45726b1c" testListId="8c84fa94-04c1-424b-9868-57a2d4851a1d" />
    <TestEntry testId="c902975c-3b32-07ec-8f57-5151add3c57a" executionId="f6437d82-53f1-4688-aa8b-e014ca5f0180" testListId="8c84fa94-04c1-424b-9868-57a2d4851a1d" />
    <TestEntry testId="f07c8edd-11ea-5740-8813-73d1b68adc7f" executionId="d11f49c5-a05c-4006-9e77-e96708379d7a" testListId="8c84fa94-04c1-424b-9868-57a2d4851a1d" />
    <TestEntry testId="02df5131-c734-50b9-6f95-ca07704be3ce" executionId="1007ec3f-42b5-4237-a038-608f1cefa18a" testListId="8c84fa94-04c1-424b-9868-57a2d4851a1d" />
    <TestEntry testId="12045fa2-9480-bb27-dd4d-3d1c04893d22" executionId="2ffc6181-1d63-4953-b704-d3a5c612aaba" testListId="8c84fa94-04c1-424b-9868-57a2d4851a1d" />
    <TestEntry testId="26ff57db-7d55-9a0a-f0c8-47e99b804f51" executionId="9209bd79-ac2c-48a6-b2a1-f3445b1937de" testListId="8c84fa94-04c1-424b-9868-57a2d4851a1d" />
    <TestEntry testId="cb86e548-814f-b05b-3dc1-aae2d32cc77f" executionId="a47cd30e-dddf-4fbc-bbe4-db1af5a47068" testListId="8c84fa94-04c1-424b-9868-57a2d4851a1d" />
    <TestEntry testId="0148be6c-3c57-2a31-ae65-ca0ddcb38b58" executionId="c78b5239-b853-4329-b482-5386f50f5833" testListId="8c84fa94-04c1-424b-9868-57a2d4851a1d" />
    <TestEntry testId="9a8db184-c32a-7b0f-30ba-ddb7de2d764c" executionId="f6c95eeb-ab57-407f-a9e6-108bc5c81366" testListId="8c84fa94-04c1-424b-9868-57a2d4851a1d" />
    <TestEntry testId="1a10a111-7feb-5cdf-90c3-afd35e6d4ee6" executionId="6972ab96-e11c-4279-bd2f-abac791e6214" testListId="8c84fa94-04c1-424b-9868-57a2d4851a1d" />
    <TestEntry testId="bc28f73f-fc7d-6ab7-f06c-8e0c67f1c62c" executionId="4fe1a2be-f005-4728-9f05-84a1c9b022dd" testListId="8c84fa94-04c1-424b-9868-57a2d4851a1d" />
    <TestEntry testId="8420ad58-e91c-b79d-af3c-80f5953598f7" executionId="042980d5-d768-4205-849e-869405835b0b" testListId="8c84fa94-04c1-424b-9868-57a2d4851a1d" />
    <TestEntry testId="0c8e074e-0d90-09cf-b1b6-57d0465fd536" executionId="fad8d126-cefa-4ef0-ac6e-3223e4eb7902" testListId="8c84fa94-04c1-424b-9868-57a2d4851a1d" />
    <TestEntry testId="20ae1bee-301d-afe8-5285-ba1f8047f578" executionId="fdb52842-3a70-47a3-b04f-7bc4e0f3772e" testListId="8c84fa94-04c1-424b-9868-57a2d4851a1d" />
    <TestEntry testId="1fa05d5e-4084-fe1d-1fbe-3a8f3ea4af33" executionId="4ec50a24-b219-4ff7-a13a-9a5e68ed485b" testListId="8c84fa94-04c1-424b-9868-57a2d4851a1d" />
    <TestEntry testId="31ade111-2df8-5a56-2877-d494aa452530" executionId="bb6f79d1-224d-4e4d-8815-30268cc711de" testListId="8c84fa94-04c1-424b-9868-57a2d4851a1d" />
    <TestEntry testId="ee088364-369f-36a3-e614-8283adb1ed41" executionId="770fed0f-f121-4526-8c21-79efc984c030" testListId="8c84fa94-04c1-424b-9868-57a2d4851a1d" />
    <TestEntry testId="6b400bc7-be21-d6fa-dcb6-8508c4dfe80d" executionId="a6595822-2764-4e0d-9b14-212c641b8688" testListId="8c84fa94-04c1-424b-9868-57a2d4851a1d" />
    <TestEntry testId="7d2e5fe2-f19d-fc51-4481-597b29866956" executionId="c3227260-e96d-44ce-8762-3bef2df40c22" testListId="8c84fa94-04c1-424b-9868-57a2d4851a1d" />
    <TestEntry testId="de5421bb-220f-a6dd-7141-8d7f6d44da3b" executionId="84b4c16d-3a7e-4a55-abe8-c20acec07020" testListId="8c84fa94-04c1-424b-9868-57a2d4851a1d" />
    <TestEntry testId="9787d606-57ba-62f3-a381-2f1144b97c13" executionId="456d65b8-0bdd-4a8e-bfe9-967709ad7ddd" testListId="8c84fa94-04c1-424b-9868-57a2d4851a1d" />
  </TestEntries>
  <TestLists>
    <TestList name="列表中未列出的结果" id="8c84fa94-04c1-424b-9868-57a2d4851a1d" />
    <TestList name="所有已加载的结果" id="19431567-8539-422a-85d7-44ee4e166bda" />
  </TestLists>
  <ResultSummary outcome="Failed">
    <Counters total="27" executed="27" passed="26" failed="1" error="0" timeout="0" aborted="0" inconclusive="0" passedButRunAborted="0" notRunnable="0" notExecuted="0" disconnected="0" warning="0" completed="0" inProgress="0" pending="0" />
    <Output>
      <StdOut>[xUnit.net 00:00:00.00] xUnit.net VSTest Adapter v2.5.3.1+6b60a9e56a (64-bit .NET 8.0.29)&#xD;
[xUnit.net 00:00:00.04]   Discovering: LlamaHarness.Tests&#xD;
[xUnit.net 00:00:00.06]   Discovered:  LlamaHarness.Tests&#xD;
[xUnit.net 00:00:00.06]   Starting:    LlamaHarness.Tests&#xD;
[xUnit.net 00:00:00.23]       System.IO.IOException : The process cannot access the file 'C:\project\lunch\LlamaHarness.Tests\bin\Debug\net8.0-windows\logs\harness.log' because it is being used by another process.&#xD;
[xUnit.net 00:00:00.23]       Stack Trace:&#xD;
[xUnit.net 00:00:00.23]            at Microsoft.Win32.SafeHandles.SafeFileHandle.CreateFile(String fullPath, FileMode mode, FileAccess access, FileShare share, FileOptions options)&#xD;
[xUnit.net 00:00:00.23]            at Microsoft.Win32.SafeHandles.SafeFileHandle.Open(String fullPath, FileMode mode, FileAccess access, FileShare share, FileOptions options, Int64 preallocationSize, Nullable`1 unixCreateMode)&#xD;
[xUnit.net 00:00:00.23]            at System.IO.Strategies.OSFileStreamStrategy..ctor(String path, FileMode mode, FileAccess access, FileShare share, FileOptions options, Int64 preallocationSize, Nullable`1 unixCreateMode)&#xD;
[xUnit.net 00:00:00.23]            at System.IO.Strategies.FileStreamHelpers.ChooseStrategyCore(String path, FileMode mode, FileAccess access, FileShare share, FileOptions options, Int64 preallocationSize, Nullable`1 unixCreateMode)&#xD;
[xUnit.net 00:00:00.23]            at System.IO.StreamReader.ValidateArgsAndOpenPath(String path, Encoding encoding, Int32 bufferSize)&#xD;
[xUnit.net 00:00:00.23]            at System.IO.File.ReadAllText(String path, Encoding encoding)&#xD;
[xUnit.net 00:00:00.23]         C:\project\lunch\LlamaHarness.Tests\PrefixFingerprintAndLogFileTests.cs(75,0): at LlamaHarness.Tests.PrefixFingerprintAndLogFileTests.Append_FlushesToDiskWithinTimerInterval()&#xD;
[xUnit.net 00:00:00.23]         --- End of stack trace from previous location ---&#xD;
[xUnit.net 00:00:02.14]   Finished:    LlamaHarness.Tests&#xD;
</StdOut>
    </Output>
    <RunInfos>
      <RunInfo computerName="DESKCOMPUTER" outcome="Error" timestamp="2026-08-30T23:16:51.5016399+08:00">
        <Text>[xUnit.net 00:00:00.23]     LlamaHarness.Tests.PrefixFingerprintAndLogFileTests.Append_FlushesToDiskWithinTimerInterval [FAIL]</Text>
      </RunInfo>
    </RunInfos>
  </ResultSummary>
</TestRun>